1,2,3,7,5,9,4,8,6
8,7,4,2,6,1,5,9,3
9,6,5,3,8,4,7,2,1
2,1,6,5,4,3,9,7,8
3,5,7,8,9,6,1,4,2
4,9,8,1,2,7,3,6,5
5,3,2,4,7,8,6,1,9
6,4,1,9,3,2,8,5,7
7,8,9,6,1,5,2,3,4
