9,4,7,6,2,8,3,5,1
8,6,3,7,5,1,4,9,2
1,2,5,3,4,9,6,7,8
7,3,4,8,9,5,1,2,6
5,8,9,1,6,2,7,3,4
6,1,2,4,7,3,9,8,5
4,7,8,2,3,6,5,1,9
2,5,6,9,1,7,8,4,3
3,9,1,5,8,4,2,6,7
