1,2,4,3,9,7,8,5,6
8,3,5,6,4,1,2,9,7
9,6,7,8,2,5,3,4,1
2,4,1,5,3,8,7,6,9
5,8,3,7,6,9,4,1,2
6,7,9,4,1,2,5,3,8
3,1,2,9,7,4,6,8,5
4,9,8,2,5,6,1,7,3
7,5,6,1,8,3,9,2,4
