9,4,7,3,2,6,5,8,1
8,5,2,4,9,1,6,7,3
1,3,6,5,8,7,9,4,2
2,8,4,7,3,5,1,6,9
6,9,3,8,1,2,4,5,7
7,1,5,6,4,9,2,3,8
5,7,9,1,6,8,3,2,4
3,2,8,9,5,4,7,1,6
4,6,1,2,7,3,8,9,5
