2,5,4,3,7,9,8,6,1
7,6,1,2,4,8,5,9,3
8,9,3,5,1,6,7,4,2
3,2,6,7,9,1,4,5,8
9,1,5,8,2,4,3,7,6
4,8,7,6,5,3,2,1,9
5,3,8,1,6,7,9,2,4
1,4,2,9,8,5,6,3,7
6,7,9,4,3,2,1,8,5
