9,8,6,3,2,4,1,5,7
1,2,4,7,5,9,3,6,8
5,3,7,8,6,1,4,2,9
4,1,3,2,8,5,9,7,6
6,9,5,1,7,3,2,8,4
2,7,8,9,4,6,5,1,3
3,4,2,6,1,7,8,9,5
8,6,9,5,3,2,7,4,1
7,5,1,4,9,8,6,3,2
