4,1,6,8,3,7,5,2,9
9,8,2,4,6,5,3,7,1
7,3,5,1,2,9,4,6,8
5,7,1,2,9,8,6,4,3
2,9,3,7,4,6,1,8,5
8,6,4,3,5,1,2,9,7
6,4,7,9,1,3,8,5,2
3,5,9,6,8,2,7,1,4
1,2,8,5,7,4,9,3,6
