5,3,8,2,1,9,7,4,6
9,6,2,8,7,4,5,3,1
1,7,4,3,5,6,2,9,8
2,8,3,4,9,7,6,1,5
7,4,1,5,6,8,3,2,9
6,9,5,1,2,3,8,7,4
3,2,9,6,4,5,1,8,7
8,5,7,9,3,1,4,6,2
4,1,6,7,8,2,9,5,3
