4,1,7,3,6,9,5,2,8
8,3,9,1,2,5,7,4,6
6,5,2,7,4,8,3,1,9
9,2,5,8,3,7,4,6,1
7,4,1,9,5,6,8,3,2
3,8,6,4,1,2,9,5,7
2,9,4,6,8,3,1,7,5
5,7,3,2,9,1,6,8,4
1,6,8,5,7,4,2,9,3
