8,6,3,5,2,1,7,9,4
1,2,7,4,9,6,8,5,3
9,5,4,3,8,7,6,2,1
6,4,5,8,3,9,1,7,2
7,3,9,1,4,2,5,6,8
2,8,1,7,6,5,4,3,9
4,9,8,6,5,3,2,1,7
5,1,2,9,7,4,3,8,6
3,7,6,2,1,8,9,4,5
