9,6,2,3,1,4,8,5,7
1,3,4,5,8,7,2,6,9
5,7,8,2,9,6,4,1,3
8,4,7,9,6,2,5,3,1
6,5,1,8,7,3,9,4,2
3,2,9,1,4,5,7,8,6
2,8,5,6,3,9,1,7,4
7,9,3,4,5,1,6,2,8
4,1,6,7,2,8,3,9,5
