3,4,5,6,7,1,2,9,8
9,8,7,2,5,3,1,4,6
6,2,1,9,8,4,5,7,3
2,6,4,7,9,5,8,3,1
5,7,3,8,1,6,4,2,9
1,9,8,4,3,2,6,5,7
8,3,6,5,2,9,7,1,4
7,1,2,3,4,8,9,6,5
4,5,9,1,6,7,3,8,2
