9,4,7,5,8,2,3,6,1
8,6,3,4,7,1,9,5,2
1,5,2,6,3,9,7,8,4
6,2,4,8,1,3,5,7,9
7,3,8,2,9,5,4,1,6
5,1,9,7,6,4,8,2,3
2,8,5,9,4,6,1,3,7
3,9,6,1,5,7,2,4,8
4,7,1,3,2,8,6,9,5
