6,5,2,4,8,1,9,3,7
8,3,4,6,7,9,1,5,2
9,7,1,3,2,5,8,6,4
4,6,7,8,1,2,5,9,3
3,1,5,7,9,4,6,2,8
2,9,8,5,6,3,4,7,1
1,8,6,9,3,7,2,4,5
5,2,3,1,4,6,7,8,9
7,4,9,2,5,8,3,1,6
