8,5,6,4,9,1,3,7,2
1,4,3,5,7,2,6,9,8
9,2,7,3,6,8,4,5,1
2,7,8,6,4,5,1,3,9
5,1,4,9,2,3,7,8,6
6,3,9,8,1,7,2,4,5
3,6,1,7,8,9,5,2,4
4,8,5,2,3,6,9,1,7
7,9,2,1,5,4,8,6,3
