7,4,8,5,9,1,3,2,6
1,9,5,6,2,3,8,4,7
2,6,3,4,8,7,5,1,9
4,2,1,9,3,6,7,5,8
3,5,6,8,7,4,2,9,1
9,8,7,1,5,2,6,3,4
8,3,2,7,4,9,1,6,5
6,7,9,2,1,5,4,8,3
5,1,4,3,6,8,9,7,2
