1,3,2,7,4,9,6,8,5
8,5,7,3,6,1,9,2,4
9,6,4,2,8,5,3,7,1
2,1,6,4,5,7,8,3,9
3,4,8,6,9,2,1,5,7
5,7,9,8,1,3,2,4,6
4,2,1,5,3,6,7,9,8
6,8,3,9,7,4,5,1,2
7,9,5,1,2,8,4,6,3
