1,2,6,4,7,8,5,9,3
8,3,7,5,9,2,4,6,1
9,4,5,3,6,1,2,7,8
4,1,2,9,3,7,8,5,6
5,6,9,1,8,4,7,3,2
7,8,3,2,5,6,9,1,4
2,5,1,6,4,9,3,8,7
3,7,4,8,1,5,6,2,9
6,9,8,7,2,3,1,4,5
