8,3,6,5,2,1,9,4,7
1,4,2,3,7,9,5,8,6
9,7,5,6,4,8,3,2,1
3,6,4,8,9,2,7,1,5
2,5,9,1,6,7,4,3,8
7,8,1,4,3,5,2,6,9
5,9,8,2,1,4,6,7,3
4,1,3,7,5,6,8,9,2
6,2,7,9,8,3,1,5,4
