9,4,5,6,7,1,2,8,3
1,3,6,4,8,2,5,9,7
8,2,7,5,9,3,4,6,1
6,1,4,8,3,7,9,5,2
7,9,8,1,2,5,3,4,6
2,5,3,9,6,4,1,7,8
3,6,2,7,5,9,8,1,4
5,8,1,2,4,6,7,3,9
4,7,9,3,1,8,6,2,5
