1,5,2,9,4,6,8,3,7
9,6,3,5,8,7,4,2,1
8,4,7,2,3,1,6,9,5
5,7,4,8,6,3,9,1,2
2,8,9,4,1,5,7,6,3
6,3,1,7,2,9,5,4,8
7,9,6,1,5,2,3,8,4
4,1,5,3,9,8,2,7,6
3,2,8,6,7,4,1,5,9
