1,2,9,5,7,6,3,4,8
3,7,6,4,2,8,5,1,9
5,8,4,3,9,1,6,2,7
2,9,3,8,1,5,7,6,4
4,1,7,2,6,3,8,9,5
8,6,5,7,4,9,1,3,2
9,5,8,6,3,2,4,7,1
7,3,1,9,8,4,2,5,6
6,4,2,1,5,7,9,8,3
