4,5,8,2,7,6,9,3,1
6,2,3,8,9,1,4,7,5
1,9,7,5,3,4,2,8,6
3,7,1,4,5,2,6,9,8
2,6,9,7,8,3,1,5,4
8,4,5,1,6,9,3,2,7
7,1,2,9,4,8,5,6,3
9,8,6,3,1,5,7,4,2
5,3,4,6,2,7,8,1,9
