9,3,7,6,5,8,2,4,1
8,6,4,2,9,1,7,3,5
1,2,5,7,3,4,9,8,6
5,8,3,4,1,9,6,2,7
6,4,9,3,7,2,5,1,8
7,1,2,5,8,6,4,9,3
4,7,1,9,6,3,8,5,2
3,9,6,8,2,5,1,7,4
2,5,8,1,4,7,3,6,9
