7,4,8,3,9,2,1,6,5
3,6,9,5,1,4,7,2,8
1,2,5,8,7,6,9,4,3
9,3,2,1,4,7,8,5,6
6,8,7,2,3,5,4,1,9
5,1,4,6,8,9,3,7,2
8,5,3,4,6,1,2,9,7
4,7,6,9,2,3,5,8,1
2,9,1,7,5,8,6,3,4
