6,5,4,3,1,2,8,7,9
9,1,3,8,7,6,4,5,2
8,2,7,4,9,5,1,3,6
7,4,2,6,3,8,5,9,1
1,6,5,7,2,9,3,8,4
3,9,8,5,4,1,6,2,7
2,8,6,1,5,7,9,4,3
4,7,1,9,8,3,2,6,5
5,3,9,2,6,4,7,1,8
