2,6,5,3,8,9,4,7,1
8,7,4,2,5,1,6,9,3
1,9,3,6,4,7,8,5,2
3,2,7,8,9,4,1,6,5
9,4,6,1,2,5,3,8,7
5,1,8,7,6,3,2,4,9
6,3,1,5,7,8,9,2,4
4,5,2,9,1,6,7,3,8
7,8,9,4,3,2,5,1,6
