9,6,3,7,4,1,2,5,8
1,5,2,3,9,8,6,7,4
8,7,4,2,6,5,3,9,1
3,4,5,8,7,2,1,6,9
2,1,8,9,5,6,7,4,3
6,9,7,1,3,4,8,2,5
7,2,1,4,8,9,5,3,6
5,8,9,6,2,3,4,1,7
4,3,6,5,1,7,9,8,2
