9,3,2,4,7,5,8,6,1
6,1,7,9,2,8,5,3,4
8,4,5,6,1,3,2,7,9
5,6,8,7,4,1,3,9,2
4,2,9,8,3,6,7,1,5
1,7,3,2,5,9,6,4,8
3,5,6,1,9,2,4,8,7
2,9,4,3,8,7,1,5,6
7,8,1,5,6,4,9,2,3
