5,1,8,4,7,6,2,3,9
4,2,7,3,5,9,6,1,8
9,6,3,8,2,1,5,7,4
7,9,5,2,4,8,3,6,1
8,3,2,6,1,7,9,4,5
1,4,6,9,3,5,8,2,7
3,7,9,5,6,4,1,8,2
6,5,1,7,8,2,4,9,3
2,8,4,1,9,3,7,5,6
