1,3,7,9,2,6,4,8,5
9,6,4,5,8,7,2,3,1
8,2,5,3,4,1,9,6,7
2,4,1,8,9,5,6,7,3
6,7,3,4,1,2,5,9,8
5,8,9,6,7,3,1,4,2
7,5,8,1,6,4,3,2,9
3,9,6,2,5,8,7,1,4
4,1,2,7,3,9,8,5,6
