4,1,7,3,6,9,8,2,5
6,3,8,1,2,5,9,4,7
9,5,2,7,4,8,3,1,6
8,2,5,4,3,7,1,6,9
7,9,1,8,5,6,4,3,2
3,4,6,9,1,2,7,5,8
2,8,4,6,9,3,5,7,1
5,7,3,2,8,1,6,9,4
1,6,9,5,7,4,2,8,3
