1,5,2,3,9,8,6,4,7
9,7,3,6,4,1,2,8,5
8,6,4,5,7,2,9,3,1
5,9,8,7,1,4,3,6,2
2,4,7,9,3,6,1,5,8
3,1,6,2,8,5,7,9,4
7,2,5,4,6,3,8,1,9
4,3,1,8,2,9,5,7,6
6,8,9,1,5,7,4,2,3
