1,2,4,5,9,7,3,6,8
3,6,9,4,2,8,5,1,7
5,8,7,3,6,1,9,2,4
2,9,3,8,1,5,7,4,6
4,1,6,2,7,3,8,9,5
8,7,5,9,4,6,1,3,2
9,5,8,6,3,2,4,7,1
6,3,1,7,8,4,2,5,9
7,4,2,1,5,9,6,8,3
