2,1,9,6,7,5,8,4,3
8,6,5,4,3,9,7,2,1
7,4,3,2,8,1,5,9,6
9,3,6,5,1,2,4,8,7
1,5,7,3,4,8,9,6,2
4,2,8,9,6,7,1,3,5
3,8,2,7,5,4,6,1,9
6,7,1,8,9,3,2,5,4
5,9,4,1,2,6,3,7,8
