9,5,7,2,6,1,3,8,4
8,4,6,5,3,7,9,2,1
1,2,3,4,8,9,5,6,7
7,3,4,9,2,6,8,1,5
2,9,5,8,1,4,7,3,6
6,1,8,3,7,5,4,9,2
5,7,2,1,9,8,6,4,3
4,8,1,6,5,3,2,7,9
3,6,9,7,4,2,1,5,8
