7,8,3,4,6,5,2,1,9
4,2,1,9,7,3,6,5,8
9,6,5,2,8,1,7,3,4
3,4,7,1,2,8,5,9,6
1,9,8,5,4,6,3,2,7
6,5,2,3,9,7,4,8,1
2,1,6,8,5,4,9,7,3
5,3,4,7,1,9,8,6,2
8,7,9,6,3,2,1,4,5
