3,5,6,8,7,1,2,9,4
9,7,2,6,4,3,8,5,1
8,4,1,9,5,2,7,3,6
2,1,3,4,6,5,9,8,7
7,9,4,3,1,8,6,2,5
6,8,5,2,9,7,4,1,3
1,2,8,7,3,6,5,4,9
5,6,9,1,8,4,3,7,2
4,3,7,5,2,9,1,6,8
