1,2,6,7,3,9,8,4,5
8,4,7,6,2,5,3,9,1
9,3,5,4,8,1,7,6,2
2,1,3,8,6,4,5,7,9
6,5,4,9,7,3,2,1,8
7,9,8,5,1,2,4,3,6
3,6,1,2,4,8,9,5,7
4,8,9,1,5,7,6,2,3
5,7,2,3,9,6,1,8,4
