1,2,5,9,7,6,3,4,8
3,6,9,4,2,8,5,1,7
7,8,4,3,5,1,9,2,6
2,5,3,8,1,7,6,9,4
4,1,6,2,9,3,8,7,5
8,9,7,6,4,5,1,3,2
9,7,8,5,3,2,4,6,1
6,3,1,7,8,4,2,5,9
5,4,2,1,6,9,7,8,3
