1,3,2,4,7,9,6,5,8
8,4,7,5,6,3,2,9,1
9,5,6,2,8,1,3,4,7
4,1,3,7,2,5,8,6,9
5,2,8,1,9,6,4,7,3
7,6,9,3,4,8,1,2,5
2,7,1,8,5,4,9,3,6
3,9,4,6,1,7,5,8,2
6,8,5,9,3,2,7,1,4
