7,4,6,5,1,3,8,9,2
1,3,2,8,6,9,7,5,4
5,9,8,7,4,2,3,1,6
3,6,7,9,2,5,4,8,1
9,2,5,4,8,1,6,7,3
4,8,1,6,3,7,9,2,5
6,7,9,1,5,4,2,3,8
2,5,4,3,7,8,1,6,9
8,1,3,2,9,6,5,4,7
