2,4,9,8,6,5,1,7,3
5,3,1,9,7,4,2,6,8
8,6,7,1,3,2,4,9,5
4,2,3,7,8,6,5,1,9
9,8,6,2,5,1,3,4,7
7,1,5,3,4,9,8,2,6
6,9,2,5,1,8,7,3,4
3,5,4,6,2,7,9,8,1
1,7,8,4,9,3,6,5,2
