1,5,2,6,7,8,9,4,3
8,6,4,3,9,1,7,5,2
9,7,3,2,4,5,6,8,1
2,1,5,7,6,3,8,9,4
4,9,7,5,8,2,1,3,6
6,3,8,9,1,4,5,2,7
3,2,1,8,5,6,4,7,9
5,4,9,1,2,7,3,6,8
7,8,6,4,3,9,2,1,5
