1,3,5,4,2,6,9,8,7
8,4,6,9,5,7,3,2,1
9,2,7,3,8,1,4,6,5
2,1,3,7,4,8,6,5,9
5,9,8,1,6,3,7,4,2
6,7,4,2,9,5,8,1,3
3,5,1,6,7,4,2,9,8
4,8,2,5,3,9,1,7,6
7,6,9,8,1,2,5,3,4
