4,7,5,6,9,1,3,2,8
9,6,1,8,3,2,7,4,5
8,2,3,7,5,4,1,9,6
2,5,9,1,4,3,6,8,7
3,4,7,5,8,6,2,1,9
6,1,8,9,2,7,5,3,4
5,3,4,2,6,9,8,7,1
7,9,6,3,1,8,4,5,2
1,8,2,4,7,5,9,6,3
