1,4,3,2,5,8,6,7,9
8,7,2,9,6,4,1,5,3
6,9,5,1,3,7,4,8,2
9,8,6,5,4,1,3,2,7
4,5,1,3,7,2,9,6,8
2,3,7,8,9,6,5,1,4
7,1,9,6,2,3,8,4,5
5,6,4,7,8,9,2,3,1
3,2,8,4,1,5,7,9,6
