1,2,4,5,9,7,8,6,3
9,3,7,6,4,8,2,1,5
8,5,6,2,3,1,7,4,9
5,1,3,7,8,6,4,9,2
4,8,2,9,1,3,6,5,7
7,6,9,4,2,5,1,3,8
6,9,8,3,7,4,5,2,1
3,4,1,8,5,2,9,7,6
2,7,5,1,6,9,3,8,4
