7,8,1,9,4,2,3,6,5
3,2,4,5,7,6,9,1,8
6,5,9,8,3,1,7,2,4
8,1,5,7,2,3,4,9,6
9,3,6,1,5,4,8,7,2
2,4,7,6,9,8,1,5,3
5,7,8,3,6,9,2,4,1
1,6,2,4,8,7,5,3,9
4,9,3,2,1,5,6,8,7
